###############################################################################
#
# IAR ELF Linker V8.11.1.13263/W32 for ARM                25/Jan/2018  15:38:27
# Copyright 2007-2017 IAR Systems AB.
#
#    Output file  =  
#        E:\Projects\IAR\sensor-adz-0-5\Debug\Exe\sensor-adz-0-5.out
#    Map file     =  
#        E:\Projects\IAR\sensor-adz-0-5\Debug\List\sensor-adz-0-5.map
#    Command line =  
#        -f C:\Users\PC3\AppData\Local\Temp\EWDC6E.tmp
#        (E:\Projects\IAR\sensor-adz-0-5\Debug\Obj\adc.o
#        E:\Projects\IAR\sensor-adz-0-5\Debug\Obj\can.o
#        E:\Projects\IAR\sensor-adz-0-5\Debug\Obj\canHandler.o
#        E:\Projects\IAR\sensor-adz-0-5\Debug\Obj\exti.o
#        E:\Projects\IAR\sensor-adz-0-5\Debug\Obj\fm24w256.o
#        E:\Projects\IAR\sensor-adz-0-5\Debug\Obj\main.o
#        E:\Projects\IAR\sensor-adz-0-5\Debug\Obj\misc.o
#        E:\Projects\IAR\sensor-adz-0-5\Debug\Obj\pins.o
#        E:\Projects\IAR\sensor-adz-0-5\Debug\Obj\s25fl127s.o
#        E:\Projects\IAR\sensor-adz-0-5\Debug\Obj\startup_stm32f10x_cl.o
#        E:\Projects\IAR\sensor-adz-0-5\Debug\Obj\stm32f10x_adc.o
#        E:\Projects\IAR\sensor-adz-0-5\Debug\Obj\stm32f10x_bkp.o
#        E:\Projects\IAR\sensor-adz-0-5\Debug\Obj\stm32f10x_can.o
#        E:\Projects\IAR\sensor-adz-0-5\Debug\Obj\stm32f10x_cec.o
#        E:\Projects\IAR\sensor-adz-0-5\Debug\Obj\stm32f10x_crc.o
#        E:\Projects\IAR\sensor-adz-0-5\Debug\Obj\stm32f10x_dac.o
#        E:\Projects\IAR\sensor-adz-0-5\Debug\Obj\stm32f10x_dbgmcu.o
#        E:\Projects\IAR\sensor-adz-0-5\Debug\Obj\stm32f10x_dma.o
#        E:\Projects\IAR\sensor-adz-0-5\Debug\Obj\stm32f10x_exti.o
#        E:\Projects\IAR\sensor-adz-0-5\Debug\Obj\stm32f10x_flash.o
#        E:\Projects\IAR\sensor-adz-0-5\Debug\Obj\stm32f10x_fsmc.o
#        E:\Projects\IAR\sensor-adz-0-5\Debug\Obj\stm32f10x_gpio.o
#        E:\Projects\IAR\sensor-adz-0-5\Debug\Obj\stm32f10x_i2c.o
#        E:\Projects\IAR\sensor-adz-0-5\Debug\Obj\stm32f10x_iwdg.o
#        E:\Projects\IAR\sensor-adz-0-5\Debug\Obj\stm32f10x_pwr.o
#        E:\Projects\IAR\sensor-adz-0-5\Debug\Obj\stm32f10x_rcc.o
#        E:\Projects\IAR\sensor-adz-0-5\Debug\Obj\stm32f10x_rtc.o
#        E:\Projects\IAR\sensor-adz-0-5\Debug\Obj\stm32f10x_sdio.o
#        E:\Projects\IAR\sensor-adz-0-5\Debug\Obj\stm32f10x_spi.o
#        E:\Projects\IAR\sensor-adz-0-5\Debug\Obj\stm32f10x_tim.o
#        E:\Projects\IAR\sensor-adz-0-5\Debug\Obj\stm32f10x_usart.o
#        E:\Projects\IAR\sensor-adz-0-5\Debug\Obj\stm32f10x_wwdg.o
#        E:\Projects\IAR\sensor-adz-0-5\Debug\Obj\system_stm32f10x.o
#        E:\Projects\IAR\sensor-adz-0-5\Debug\Obj\timers.o -o
#        E:\Projects\IAR\sensor-adz-0-5\Debug\Exe\sensor-adz-0-5.out --redirect
#        _Printf=_PrintfFullNoMb --redirect _Scanf=_ScanfFullNoMb --map
#        E:\Projects\IAR\sensor-adz-0-5\Debug\List\sensor-adz-0-5.map --config
#        "C:\Program Files (x86)\IAR Systems\Embedded Workbench
#        8.0\arm\config\linker\ST\stm32f107xC.icf" --semihosting --entry
#        __iar_program_start "C:\Program Files (x86)\IAR Systems\Embedded
#        Workbench 8.0\arm\CMSIS\Lib\IAR\iar_cortexM3l_math.a" --vfe --text_out
#        locale)
#
###############################################################################

*******************************************************************************
*** RUNTIME MODEL ATTRIBUTES
***

CppFlavor       = *
__SystemLibrary = DLib
__dlib_version  = 6


*******************************************************************************
*** HEAP SELECTION
***

The basic heap was selected because no calls to memory allocation
functions were found in the application outside of system library
functions, and there are calls to deallocation functions in the
application.


*******************************************************************************
*** PLACEMENT SUMMARY
***

"A0":  place at 0x08000000 { ro section .intvec };
"P1":  place in [from 0x08000000 to 0x0803ffff] { ro };
"P2":  place in [from 0x20000000 to 0x2000ffff] { rw, block CSTACK, block HEAP };
initialize by copy { rw };

  Section            Kind        Address    Size  Object
  -------            ----        -------    ----  ------
"A0":                                      0x150
  .intvec            ro code  0x08000000   0x150  startup_stm32f10x_cl.o [1]
                            - 0x08000150   0x150

"P1":                                     0x1a94
  .text              ro code  0x08000150   0x642  stm32f10x_can.o [1]
  .text              ro code  0x08000794    0x84  stm32f10x_rcc.o [1]
  .text              ro code  0x08000818   0x228  timers.o [1]
  .text              ro code  0x08000a40    0x24  stm32f10x_tim.o [1]
  .text              ro code  0x08000a64    0xd0  stm32f10x_gpio.o [1]
  .text              ro code  0x08000b34   0x1dc  adc.o [1]
  .text              ro code  0x08000d10   0x1be  stm32f10x_adc.o [1]
  .text              ro code  0x08000ed0    0x86  ABImemcpy.o [5]
  .text              ro code  0x08000f58    0x1c  U32ToFlt.o [4]
  .text              ro code  0x08000f74    0x24  FltCmpLe.o [4]
  .text              ro code  0x08000f98    0x80  FltSub.o [4]
  .text              ro code  0x08001018    0xfc  FltDiv.o [4]
  .text              ro code  0x08001114    0xd8  FltMul.o [4]
  .text              ro code  0x080011ec    0xe2  FltAdd.o [4]
  .text              ro code  0x080012d0   0x188  can.o [1]
  .text              ro code  0x08001458    0x78  misc.o [1]
  .text              ro code  0x080014d0   0x170  system_stm32f10x.o [1]
  .text              ro code  0x08001640   0x138  canHandler.o [1]
  .text              ro code  0x08001778    0x28  roundf.o [4]
  .text              ro code  0x080017a0    0x2a  FltToS32.o [4]
  .text              ro code  0x080017cc    0xe4  pins.o [1]
  .rodata            const    0x080018b0    0x64  adc.o [1]
  .rodata            const    0x08001914    0x64  adc.o [1]
  .text              ro code  0x08001978    0x40  exti.o [1]
  .text              ro code  0x080019b8     0xc  stm32f10x_exti.o [1]
  .text              ro code  0x080019c4    0x38  packbits_init_single.o [5]
  .text              ro code  0x080019fc    0x2c  main.o [1]
  .text              ro code  0x08001a28    0x28  data_init.o [5]
  .iar.init_table    const    0x08001a50    0x10  - Linker created -
  .text              ro code  0x08001a60    0x1a  cmain.o [5]
  .text              ro code  0x08001a7a     0x4  low_level_init.o [3]
  .text              ro code  0x08001a7e     0x4  exit.o [3]
  .text              ro code  0x08001a84     0xa  cexit.o [5]
  .text              ro code  0x08001a90    0x14  exit.o [6]
  .text              ro code  0x08001aa4    0x10  startup_stm32f10x_cl.o [1]
  .text              ro code  0x08001ab4     0xc  cstartup_M.o [5]
  .text              ro code  0x08001ac0     0x4  startup_stm32f10x_cl.o [1]
  .text              ro code  0x08001ac4     0x4  startup_stm32f10x_cl.o [1]
  .text              ro code  0x08001ac8     0x4  startup_stm32f10x_cl.o [1]
  .text              ro code  0x08001acc     0x4  startup_stm32f10x_cl.o [1]
  .text              ro code  0x08001ad0     0x4  startup_stm32f10x_cl.o [1]
  .text              ro code  0x08001ad4     0x4  startup_stm32f10x_cl.o [1]
  .text              ro code  0x08001ad8     0x4  startup_stm32f10x_cl.o [1]
  .text              ro code  0x08001adc     0x4  startup_stm32f10x_cl.o [1]
  .text              ro code  0x08001ae0     0x4  startup_stm32f10x_cl.o [1]
  .text              ro code  0x08001ae4     0x4  startup_stm32f10x_cl.o [1]
  .text              ro code  0x08001ae8     0x4  startup_stm32f10x_cl.o [1]
  .text              ro code  0x08001aec     0x4  startup_stm32f10x_cl.o [1]
  .text              ro code  0x08001af0     0x4  startup_stm32f10x_cl.o [1]
  .text              ro code  0x08001af4     0x4  startup_stm32f10x_cl.o [1]
  .text              ro code  0x08001af8     0x4  startup_stm32f10x_cl.o [1]
  .text              ro code  0x08001afc     0x4  startup_stm32f10x_cl.o [1]
  .text              ro code  0x08001b00     0x4  startup_stm32f10x_cl.o [1]
  .text              ro code  0x08001b04     0x4  startup_stm32f10x_cl.o [1]
  .text              ro code  0x08001b08     0x4  startup_stm32f10x_cl.o [1]
  .text              ro code  0x08001b0c     0x4  startup_stm32f10x_cl.o [1]
  .text              ro code  0x08001b10     0x4  startup_stm32f10x_cl.o [1]
  .text              ro code  0x08001b14     0x4  startup_stm32f10x_cl.o [1]
  .text              ro code  0x08001b18     0x4  startup_stm32f10x_cl.o [1]
  .text              ro code  0x08001b1c     0x4  startup_stm32f10x_cl.o [1]
  .text              ro code  0x08001b20     0x4  startup_stm32f10x_cl.o [1]
  .text              ro code  0x08001b24     0x4  startup_stm32f10x_cl.o [1]
  .text              ro code  0x08001b28     0x4  startup_stm32f10x_cl.o [1]
  .text              ro code  0x08001b2c     0x4  startup_stm32f10x_cl.o [1]
  .text              ro code  0x08001b30     0x4  startup_stm32f10x_cl.o [1]
  .text              ro code  0x08001b34     0x4  startup_stm32f10x_cl.o [1]
  .text              ro code  0x08001b38     0x4  startup_stm32f10x_cl.o [1]
  .text              ro code  0x08001b3c     0x4  startup_stm32f10x_cl.o [1]
  .text              ro code  0x08001b40     0x4  startup_stm32f10x_cl.o [1]
  .text              ro code  0x08001b44     0x4  startup_stm32f10x_cl.o [1]
  .text              ro code  0x08001b48     0x4  startup_stm32f10x_cl.o [1]
  .text              ro code  0x08001b4c     0x4  startup_stm32f10x_cl.o [1]
  .text              ro code  0x08001b50     0x4  startup_stm32f10x_cl.o [1]
  .text              ro code  0x08001b54     0x4  startup_stm32f10x_cl.o [1]
  .text              ro code  0x08001b58     0x4  startup_stm32f10x_cl.o [1]
  .text              ro code  0x08001b5c     0x4  startup_stm32f10x_cl.o [1]
  .text              ro code  0x08001b60     0x4  startup_stm32f10x_cl.o [1]
  .text              ro code  0x08001b64     0x4  startup_stm32f10x_cl.o [1]
  .text              ro code  0x08001b68     0x4  startup_stm32f10x_cl.o [1]
  .text              ro code  0x08001b6c     0x4  startup_stm32f10x_cl.o [1]
  .text              ro code  0x08001b70     0x4  startup_stm32f10x_cl.o [1]
  .text              ro code  0x08001b74     0x4  startup_stm32f10x_cl.o [1]
  .text              ro code  0x08001b78     0x4  startup_stm32f10x_cl.o [1]
  .text              ro code  0x08001b7c     0x4  startup_stm32f10x_cl.o [1]
  .text              ro code  0x08001b80     0x4  startup_stm32f10x_cl.o [1]
  .text              ro code  0x08001b84     0x4  startup_stm32f10x_cl.o [1]
  .text              ro code  0x08001b88     0x4  startup_stm32f10x_cl.o [1]
  .text              ro code  0x08001b8c     0x4  startup_stm32f10x_cl.o [1]
  .text              ro code  0x08001b90     0x4  startup_stm32f10x_cl.o [1]
  .text              ro code  0x08001b94     0x4  startup_stm32f10x_cl.o [1]
  .text              ro code  0x08001b98     0x4  startup_stm32f10x_cl.o [1]
  .text              ro code  0x08001b9c     0x4  startup_stm32f10x_cl.o [1]
  .text              ro code  0x08001ba0     0x4  startup_stm32f10x_cl.o [1]
  .text              ro code  0x08001ba4     0x4  startup_stm32f10x_cl.o [1]
  .text              ro code  0x08001ba8     0x4  startup_stm32f10x_cl.o [1]
  .text              ro code  0x08001bac     0x4  startup_stm32f10x_cl.o [1]
  .text              ro code  0x08001bb0     0x4  startup_stm32f10x_cl.o [1]
  .text              ro code  0x08001bb4     0x4  startup_stm32f10x_cl.o [1]
  .text              ro code  0x08001bb8     0x4  startup_stm32f10x_cl.o [1]
  .text              ro code  0x08001bbc     0x4  startup_stm32f10x_cl.o [1]
  .text              ro code  0x08001bc0     0x4  startup_stm32f10x_cl.o [1]
  .text              ro code  0x08001bc4     0x4  startup_stm32f10x_cl.o [1]
  .text              ro code  0x08001bc8     0x4  startup_stm32f10x_cl.o [1]
  .text              ro code  0x08001bcc     0x4  startup_stm32f10x_cl.o [1]
  .text              ro code  0x08001bd0     0x4  startup_stm32f10x_cl.o [1]
  .text              ro code  0x08001bd4     0x4  startup_stm32f10x_cl.o [1]
  .rodata            const    0x08001bd8     0x0  packbits_init_single.o [5]
  Initializer bytes  const    0x08001bd8     0xc  <for P2-1>
                            - 0x08001be4  0x1a94

"P2", part 1 of 2:                          0x12
  P2-1                        0x20000000    0x12  <Init block>
    .bss             inited   0x20000000     0x4  timers.o [1]
    .bss             inited   0x20000004     0x4  timers.o [1]
    .data            inited   0x20000008     0x2  timers.o [1]
    .data            inited   0x2000000a     0x2  timers.o [1]
    .bss             inited   0x2000000c     0x2  can.o [1]
    .data            inited   0x2000000e     0x1  can.o [1]
    .bss             inited   0x2000000f     0x1  timers.o [1]
    .bss             inited   0x20000010     0x1  timers.o [1]
    .bss             inited   0x20000011     0x1  timers.o [1]
                            - 0x20000012    0x12

"P2", part 2 of 2:                        0x1000
  CSTACK                      0x20000018  0x1000  <Block>
    CSTACK           uninit   0x20000018  0x1000  <Block tail>
                            - 0x20001018  0x1000


*******************************************************************************
*** INIT TABLE
***

          Address     Size
          -------     ----
Copy/packbits (__iar_packbits_init_single3)
    1 source range, total size 0xc (66% of destination):
          0x08001bd8   0xc
    1 destination range, total size 0x12:
          0x20000000  0x12



*******************************************************************************
*** MODULE SUMMARY
***

    Module                  ro code  ro data  rw data
    ------                  -------  -------  -------
E:\Projects\IAR\sensor-adz-0-5\Debug\Obj: [1]
    adc.o                       476      200
    can.o                       392        2        3
    canHandler.o                312
    exti.o                       64
    main.o                       44
    misc.o                      120
    pins.o                      228
    startup_stm32f10x_cl.o      632
    stm32f10x_adc.o             446
    stm32f10x_can.o           1 602
    stm32f10x_exti.o             12
    stm32f10x_gpio.o            208
    stm32f10x_rcc.o             132
    stm32f10x_tim.o              36
    system_stm32f10x.o          368
    timers.o                    552       10       15
    -------------------------------------------------
    Total:                    5 624      212       18

command line: [2]
    -------------------------------------------------
    Total:

dl7M_tln.a: [3]
    exit.o                        4
    low_level_init.o              4
    -------------------------------------------------
    Total:                        8

m7M_tl.a: [4]
    FltAdd.o                    226
    FltCmpLe.o                   36
    FltDiv.o                    252
    FltMul.o                    216
    FltSub.o                    128
    FltToS32.o                   42
    U32ToFlt.o                   28
    roundf.o                     40
    -------------------------------------------------
    Total:                      968

rt7M_tl.a: [5]
    ABImemcpy.o                 134
    cexit.o                      10
    cmain.o                      26
    cstartup_M.o                 12
    data_init.o                  40
    packbits_init_single.o       56
    -------------------------------------------------
    Total:                      278

shb_l.a: [6]
    exit.o                       20
    -------------------------------------------------
    Total:                       20

    Gaps                         14
    Linker created                        16    4 096
-----------------------------------------------------
    Grand Total:              6 912      228    4 114


*******************************************************************************
*** ENTRY LIST
***

Entry                      Address   Size  Type      Object
-----                      -------   ----  ----      ------
.iar.init_table$$Base   0x08001a50          --   Gb  - Linker created -
.iar.init_table$$Limit  0x08001a60          --   Gb  - Linker created -
?main                   0x08001a61         Code  Gb  cmain.o [5]
ADC_AutoInjectedConvCmd
                        0x08000db1   0x1a  Code  Gb  stm32f10x_adc.o [1]
ADC_Cmd                 0x08000d5b   0x1a  Code  Gb  stm32f10x_adc.o [1]
ADC_ExternalTrigInjectedConvConfig
                        0x08000dcb   0x10  Code  Gb  stm32f10x_adc.o [1]
ADC_GetCalibrationStatus
                        0x08000d9d   0x14  Code  Gb  stm32f10x_adc.o [1]
ADC_GetFlagStatus       0x08000eb9   0x16  Code  Gb  stm32f10x_adc.o [1]
ADC_GetInjectedConversionValue
                        0x08000e95   0x1c  Code  Gb  stm32f10x_adc.o [1]
ADC_GetResetCalibrationStatus
                        0x08000d7f   0x14  Code  Gb  stm32f10x_adc.o [1]
ADC_Init                0x08000d11   0x4a  Code  Gb  stm32f10x_adc.o [1]
ADC_InjectedChannelConfig
                        0x08000df5   0x88  Code  Gb  stm32f10x_adc.o [1]
ADC_InjectedSequencerLengthConfig
                        0x08000e7d   0x18  Code  Gb  stm32f10x_adc.o [1]
ADC_ResetCalibration    0x08000d75    0xa  Code  Gb  stm32f10x_adc.o [1]
ADC_SoftwareStartInjectedConvCmd
                        0x08000ddb   0x1a  Code  Gb  stm32f10x_adc.o [1]
ADC_StartCalibration    0x08000d93    0xa  Code  Gb  stm32f10x_adc.o [1]
CAN1_RX0_IRQHandler     0x080013db   0x76  Code  Gb  can.o [1]
CAN_ClearITPendingBit   0x080006cb   0x92  Code  Gb  stm32f10x_can.o [1]
CAN_DeInit              0x08000151   0x36  Code  Gb  stm32f10x_can.o [1]
CAN_FilterInit          0x08000293  0x112  Code  Gb  stm32f10x_can.o [1]
CAN_GetITStatus         0x080005c3  0x108  Code  Gb  stm32f10x_can.o [1]
CAN_ITConfig            0x080005ab   0x18  Code  Gb  stm32f10x_can.o [1]
CAN_Init                0x08000187  0x10c  Code  Gb  stm32f10x_can.o [1]
CAN_Receive             0x080004c3   0xe8  Code  Gb  stm32f10x_can.o [1]
CAN_Transmit            0x080003a5  0x11e  Code  Gb  stm32f10x_can.o [1]
CSTACK$$Base            0x20000018          --   Gb  - Linker created -
CSTACK$$Limit           0x20001018          --   Gb  - Linker created -
CanSendMess             0x08001641  0x102  Code  Gb  canHandler.o [1]
CanSpamer               0x08001743   0x18  Code  Gb  canHandler.o [1]
CheckITStatus           0x08000781   0x12  Code  Lc  stm32f10x_can.o [1]
ConvertADCvalueToVoltageFloat
                        0x08000c13   0xd4  Code  Gb  adc.o [1]
EXTI2_IRQHandler        0x08001979   0x2a  Code  Gb  exti.o [1]
EXTI_ClearITPendingBit  0x080019b9    0x6  Code  Gb  stm32f10x_exti.o [1]
GPIO_Init               0x08000a65   0xc4  Code  Gb  stm32f10x_gpio.o [1]
GPIO_ResetBits          0x08000b2f    0x6  Code  Gb  stm32f10x_gpio.o [1]
GPIO_SetBits            0x08000b29    0x6  Code  Gb  stm32f10x_gpio.o [1]
GetValueFromADC1        0x08000ce7    0xc  Code  Gb  adc.o [1]
GetValueFromADC2        0x08000cf3    0xc  Code  Gb  adc.o [1]
InitADC1                0x08000b35   0xde  Code  Gb  adc.o [1]
InitCan1                0x080012d1  0x10a  Code  Gb  can.o [1]
InitPins                0x080017cd   0x26  Code  Gb  pins.o [1]
InitPinsForTimers       0x0800091f   0x56  Code  Gb  timers.o [1]
InitTimers              0x0800084d    0x8  Code  Gb  timers.o [1]
NVIC_DisableIRQ         0x08000833   0x1a  Code  Lc  timers.o [1]
NVIC_EnableIRQ          0x08000819   0x1a  Code  Lc  timers.o [1]
NVIC_Init               0x08001459   0x66  Code  Gb  misc.o [1]
RCC_ADCCLKConfig        0x08000795   0x14  Code  Gb  stm32f10x_rcc.o [1]
RCC_APB1PeriphClockCmd  0x080007c9   0x20  Code  Gb  stm32f10x_rcc.o [1]
RCC_APB1PeriphResetCmd  0x080007e9   0x20  Code  Gb  stm32f10x_rcc.o [1]
RCC_APB2PeriphClockCmd  0x080007a9   0x20  Code  Gb  stm32f10x_rcc.o [1]
ReInitPins              0x080017f3   0xba  Code  Gb  pins.o [1]
Region$$Table$$Base     0x08001a50          --   Gb  - Linker created -
Region$$Table$$Limit    0x08001a60          --   Gb  - Linker created -
SetSysClock             0x08001537    0x8  Code  Lc  system_stm32f10x.o [1]
SetSysClockTo72         0x0800153f   0xe0  Code  Lc  system_stm32f10x.o [1]
SystemInit              0x080014d1   0x66  Code  Gb  system_stm32f10x.o [1]
TIM1_UP_IRQHandler      0x08000855   0xca  Code  Gb  timers.o [1]
TIM7_IRQHandler         0x08000975   0x9c  Code  Gb  timers.o [1]
TIM_ClearITPendingBit   0x08000a5d    0x8  Code  Gb  stm32f10x_tim.o [1]
TIM_Cmd                 0x08000a41   0x1c  Code  Gb  stm32f10x_tim.o [1]
__aeabi_cfcmple         0x08000f75         Code  Gb  FltCmpLe.o [4]
__aeabi_f2iz            0x080017a1         Code  Gb  FltToS32.o [4]
__aeabi_fadd            0x080011ed         Code  Gb  FltAdd.o [4]
__aeabi_fdiv            0x08001019         Code  Gb  FltDiv.o [4]
__aeabi_fmul            0x08001115         Code  Gb  FltMul.o [4]
__aeabi_fsub            0x08000f99         Code  Gb  FltSub.o [4]
__aeabi_memcpy4         0x08000ed1         Code  Gb  ABImemcpy.o [5]
__aeabi_memcpy8         0x08000ed1         Code  Gb  ABImemcpy.o [5]
__aeabi_ui2f            0x08000f59         Code  Gb  U32ToFlt.o [4]
__cmain                 0x08001a61         Code  Gb  cmain.o [5]
__exit                  0x08001a91   0x14  Code  Gb  exit.o [6]
__iar_data_init3        0x08001a29   0x28  Code  Gb  data_init.o [5]
__iar_fadd              0x08000fa5         Code  Gb  FltSub.o [4]
__iar_fsub              0x080011f9         Code  Gb  FltAdd.o [4]
__iar_fsubStart         0x08001209         Code  Gb  FltAdd.o [4]
__iar_packbits_init_single3
                        0x080019c5   0x38  Code  Gb  packbits_init_single.o [5]
__iar_program_start     0x08001ab5         Code  Gb  cstartup_M.o [5]
__iar_round32           0x08001779         Code  Gb  roundf.o [4]
__iar_systems$$module {Abs}
                        0x00000001         Data  Gb  command line/config [2]
__low_level_init        0x08001a7b    0x4  Code  Gb  low_level_init.o [3]
__vector_table          0x08000000         Data  Gb  startup_stm32f10x_cl.o [1]
_call_main              0x08001a6d         Code  Gb  cmain.o [5]
_exit                   0x08001a85         Code  Gb  cexit.o [5]
_main                   0x08001a77         Code  Gb  cmain.o [5]
exit                    0x08001a7f    0x4  Code  Gb  exit.o [3]
flag_deadline           0x2000000f    0x1  Data  Gb  timers.o [1]
flag_send_can           0x2000000c    0x2  Data  Gb  can.o [1]
main                    0x080019fd   0x2c  Code  Gb  main.o [1]
mcs100                  0x20000004    0x4  Data  Gb  timers.o [1]
miliseconds             0x20000000    0x4  Data  Gb  timers.o [1]
number_sensor           0x2000000e    0x1  Data  Gb  can.o [1]
period                  0x20000011    0x1  Data  Gb  timers.o [1]
roundf                  0x08001779         Code  Gb  roundf.o [4]
tick                    0x20000010    0x1  Data  Gb  timers.o [1]
value_now               0x2000000a    0x2  Data  Gb  timers.o [1]
value_prev              0x20000008    0x2  Data  Gb  timers.o [1]


[1] = E:\Projects\IAR\sensor-adz-0-5\Debug\Obj
[2] = command line
[3] = dl7M_tln.a
[4] = m7M_tl.a
[5] = rt7M_tl.a
[6] = shb_l.a

  6 912 bytes of readonly  code memory
    228 bytes of readonly  data memory
  4 114 bytes of readwrite data memory

Errors: none
Warnings: none
